2024-06-19T18:10:32.077+02:00  INFO 19376 --- [main] c.s.m.MyQuizzBuilderApplication          : Starting MyQuizzBuilderApplication using Java 17.0.5 with PID 19376 (C:\Users\julie\my-quizz-builder-back\my-quizz-builder-api\target\classes started by julie in C:\Users\julie\my-quizz-builder-back\my-quizz-builder-api)
2024-06-19T18:10:32.080+02:00  INFO 19376 --- [main] c.s.m.MyQuizzBuilderApplication          : The following 1 profile is active: "prod"
2024-06-19T18:10:32.700+02:00  INFO 19376 --- [main] .s.d.r.c.RepositoryConfigurationDelegate : Bootstrapping Spring Data JPA repositories in DEFAULT mode.
2024-06-19T18:10:32.769+02:00  INFO 19376 --- [main] .s.d.r.c.RepositoryConfigurationDelegate : Finished Spring Data repository scanning in 61 ms. Found 6 JPA repository interfaces.
2024-06-19T18:10:33.309+02:00  INFO 19376 --- [main] o.s.b.w.embedded.tomcat.TomcatWebServer  : Tomcat initialized with port 8080 (http)
2024-06-19T18:10:33.320+02:00  INFO 19376 --- [main] o.apache.catalina.core.StandardService   : Starting service [Tomcat]
2024-06-19T18:10:33.320+02:00  INFO 19376 --- [main] o.apache.catalina.core.StandardEngine    : Starting Servlet engine: [Apache Tomcat/10.1.17]
2024-06-19T18:10:33.380+02:00  INFO 19376 --- [main] o.a.c.c.C.[Tomcat].[localhost].[/]       : Initializing Spring embedded WebApplicationContext
2024-06-19T18:10:33.381+02:00  INFO 19376 --- [main] w.s.c.ServletWebServerApplicationContext : Root WebApplicationContext: initialization completed in 1263 ms
2024-06-19T18:10:33.448+02:00  WARN 19376 --- [main] ConfigServletWebServerApplicationContext : Exception encountered during context initialization - cancelling refresh attempt: org.springframework.beans.factory.UnsatisfiedDependencyException: Error creating bean with name 'dataSourceScriptDatabaseInitializer' defined in class path resource [org/springframework/boot/autoconfigure/sql/init/DataSourceInitializationConfiguration.class]: Unsatisfied dependency expressed through method 'dataSourceScriptDatabaseInitializer' parameter 0: Error creating bean with name 'dataSource' defined in class path resource [org/springframework/boot/autoconfigure/jdbc/DataSourceConfiguration$Hikari.class]: Failed to instantiate [com.zaxxer.hikari.HikariDataSource]: Factory method 'dataSource' threw exception with message: Failed to determine a suitable driver class
2024-06-19T18:10:33.450+02:00  INFO 19376 --- [main] o.apache.catalina.core.StandardService   : Stopping service [Tomcat]
2024-06-19T18:10:33.464+02:00  INFO 19376 --- [main] .s.b.a.l.ConditionEvaluationReportLogger : 

Error starting ApplicationContext. To display the condition evaluation report re-run your application with 'debug' enabled.
2024-06-19T18:10:33.480+02:00 ERROR 19376 --- [main] o.s.b.d.LoggingFailureAnalysisReporter   : 

***************************
APPLICATION FAILED TO START
***************************

Description:

Failed to configure a DataSource: 'url' attribute is not specified and no embedded datasource could be configured.

Reason: Failed to determine a suitable driver class


Action:

Consider the following:
	If you want an embedded database (H2, HSQL or Derby), please put it on the classpath.
	If you have database settings to be loaded from a particular profile you may need to activate it (the profiles prod are currently active).

